// Jest Snapshot v1, https://goo.gl/fbAQLP

exports[`NavBar should render correctly 1`] = `
ShallowWrapper {
  Symbol(enzyme.__root__): [Circular],
  Symbol(enzyme.__unrendered__): <NavBar />,
  Symbol(enzyme.__renderer__): Object {
    "batchedUpdates": [Function],
    "getNode": [Function],
    "render": [Function],
    "simulateError": [Function],
    "simulateEvent": [Function],
    "unmount": [Function],
  },
  Symbol(enzyme.__node__): Object {
    "instance": null,
    "key": undefined,
    "nodeType": "host",
    "props": Object {
      "children": Array [
        <div
          className="c-navbar__container"
        >
          <h2
            className="c-navbar__title"
          >
            Notification Bar
          </h2>
          <button
            className="c-navbar__btn"
            onClick={[Function]}
            type="button"
          >
            <Icon
              iconClass="c-navbar__icon"
              iconId="user"
            />
            <Badge
              unreadNotifications={6}
            />
          </button>
        </div>,
        false,
      ],
      "className": "c-navbar",
    },
    "ref": null,
    "rendered": Array [
      Object {
        "instance": null,
        "key": undefined,
        "nodeType": "host",
        "props": Object {
          "children": Array [
            <h2
              className="c-navbar__title"
            >
              Notification Bar
            </h2>,
            <button
              className="c-navbar__btn"
              onClick={[Function]}
              type="button"
            >
              <Icon
                iconClass="c-navbar__icon"
                iconId="user"
              />
              <Badge
                unreadNotifications={6}
              />
            </button>,
          ],
          "className": "c-navbar__container",
        },
        "ref": null,
        "rendered": Array [
          Object {
            "instance": null,
            "key": undefined,
            "nodeType": "host",
            "props": Object {
              "children": "Notification Bar",
              "className": "c-navbar__title",
            },
            "ref": null,
            "rendered": "Notification Bar",
            "type": "h2",
          },
          Object {
            "instance": null,
            "key": undefined,
            "nodeType": "host",
            "props": Object {
              "children": Array [
                <Icon
                  iconClass="c-navbar__icon"
                  iconId="user"
                />,
                <Badge
                  unreadNotifications={6}
                />,
              ],
              "className": "c-navbar__btn",
              "onClick": [Function],
              "type": "button",
            },
            "ref": null,
            "rendered": Array [
              Object {
                "instance": null,
                "key": undefined,
                "nodeType": "function",
                "props": Object {
                  "iconClass": "c-navbar__icon",
                  "iconId": "user",
                },
                "ref": null,
                "rendered": null,
                "type": [Function],
              },
              Object {
                "instance": null,
                "key": undefined,
                "nodeType": "function",
                "props": Object {
                  "unreadNotifications": 6,
                },
                "ref": null,
                "rendered": null,
                "type": [Function],
              },
            ],
            "type": "button",
          },
        ],
        "type": "div",
      },
      false,
    ],
    "type": "nav",
  },
  Symbol(enzyme.__nodes__): Array [
    Object {
      "instance": null,
      "key": undefined,
      "nodeType": "host",
      "props": Object {
        "children": Array [
          <div
            className="c-navbar__container"
          >
            <h2
              className="c-navbar__title"
            >
              Notification Bar
            </h2>
            <button
              className="c-navbar__btn"
              onClick={[Function]}
              type="button"
            >
              <Icon
                iconClass="c-navbar__icon"
                iconId="user"
              />
              <Badge
                unreadNotifications={6}
              />
            </button>
          </div>,
          false,
        ],
        "className": "c-navbar",
      },
      "ref": null,
      "rendered": Array [
        Object {
          "instance": null,
          "key": undefined,
          "nodeType": "host",
          "props": Object {
            "children": Array [
              <h2
                className="c-navbar__title"
              >
                Notification Bar
              </h2>,
              <button
                className="c-navbar__btn"
                onClick={[Function]}
                type="button"
              >
                <Icon
                  iconClass="c-navbar__icon"
                  iconId="user"
                />
                <Badge
                  unreadNotifications={6}
                />
              </button>,
            ],
            "className": "c-navbar__container",
          },
          "ref": null,
          "rendered": Array [
            Object {
              "instance": null,
              "key": undefined,
              "nodeType": "host",
              "props": Object {
                "children": "Notification Bar",
                "className": "c-navbar__title",
              },
              "ref": null,
              "rendered": "Notification Bar",
              "type": "h2",
            },
            Object {
              "instance": null,
              "key": undefined,
              "nodeType": "host",
              "props": Object {
                "children": Array [
                  <Icon
                    iconClass="c-navbar__icon"
                    iconId="user"
                  />,
                  <Badge
                    unreadNotifications={6}
                  />,
                ],
                "className": "c-navbar__btn",
                "onClick": [Function],
                "type": "button",
              },
              "ref": null,
              "rendered": Array [
                Object {
                  "instance": null,
                  "key": undefined,
                  "nodeType": "function",
                  "props": Object {
                    "iconClass": "c-navbar__icon",
                    "iconId": "user",
                  },
                  "ref": null,
                  "rendered": null,
                  "type": [Function],
                },
                Object {
                  "instance": null,
                  "key": undefined,
                  "nodeType": "function",
                  "props": Object {
                    "unreadNotifications": 6,
                  },
                  "ref": null,
                  "rendered": null,
                  "type": [Function],
                },
              ],
              "type": "button",
            },
          ],
          "type": "div",
        },
        false,
      ],
      "type": "nav",
    },
  ],
  Symbol(enzyme.__options__): Object {
    "adapter": ReactSixteenAdapter {
      "options": Object {
        "enableComponentDidUpdateOnSetState": true,
        "lifecycles": Object {
          "componentDidUpdate": Object {
            "onSetState": true,
          },
          "getDerivedStateFromProps": true,
          "getSnapshotBeforeUpdate": true,
          "setState": Object {
            "skipsComponentDidUpdateOnNullish": true,
          },
        },
      },
    },
  },
}
`;
